%!Adobe-FontList 1.14
%Locale:0x4009

%BeginFont
Handler:DirectoryHandler
FontType:TrueType
FontName:Roboto-Bold
FamilyName:Roboto
StyleName:Bold
FullName:Roboto Bold
MenuName:Roboto
StyleBits:2
WritingScript:Roman
OutlineFileName:E:\localhost\htdocs\wedding\sites\all\themes\contrib\weddingsubtheme\Font\Roboto\Roboto-Bold.ttf
DataFormat:sfntData
FileLength:163448
FileModTime:1424080702
WeightClass:700
WidthClass:5
AngleClass:0
%EndFont

%BeginFont
Handler:DirectoryHandler
FontType:Invalid
OutlineFileName:E:\localhost\htdocs\wedding\sites\all\themes\contrib\weddingsubtheme\Font\Roboto\Roboto-Light.eot
FileModTime:1424080702
%EndFont

%BeginFont
Handler:DirectoryHandler
FontType:Type1
FontName:Roboto-Light
FamilyName:Roboto
StyleName:Light
FullName:Roboto Light
MenuName:Roboto Lt
StyleBits:0
WritingScript:Roman
OutlineFileName:E:\localhost\htdocs\wedding\sites\all\themes\contrib\weddingsubtheme\Font\Roboto\Roboto-Light.otf
DataFormat:sfntData
UsesStandardEncoding:yes
isCFF:yes
FileLength:201304
FileModTime:1424080702
WeightClass:300
WidthClass:5
AngleClass:0
%EndFont

%BeginFont
Handler:DirectoryHandler
FontType:TrueType
FontName:Roboto-Light
FamilyName:Roboto
StyleName:Light
FullName:Roboto Light
MenuName:Roboto Lt
StyleBits:0
WritingScript:Roman
OutlineFileName:E:\localhost\htdocs\wedding\sites\all\themes\contrib\weddingsubtheme\Font\Roboto\Roboto-Light.ttf
DataFormat:sfntData
FileLength:162636
FileModTime:1424080702
WeightClass:300
WidthClass:5
AngleClass:0
%EndFont

%BeginFont
Handler:DirectoryHandler
FontType:Invalid
OutlineFileName:E:\localhost\htdocs\wedding\sites\all\themes\contrib\weddingsubtheme\Font\Roboto\Roboto-Light.woff
FileModTime:1424080702
%EndFont

%BeginFont
Handler:DirectoryHandler
FontType:Invalid
OutlineFileName:E:\localhost\htdocs\wedding\sites\all\themes\contrib\weddingsubtheme\Font\Roboto\Roboto-Medium.eot
FileModTime:1424080702
%EndFont

%BeginFont
Handler:DirectoryHandler
FontType:Type1
FontName:Roboto-Medium
FamilyName:Roboto
StyleName:Medium
FullName:Roboto Medium
MenuName:Roboto Lt
StyleBits:0
WritingScript:Roman
OutlineFileName:E:\localhost\htdocs\wedding\sites\all\themes\contrib\weddingsubtheme\Font\Roboto\Roboto-Medium.otf
DataFormat:sfntData
UsesStandardEncoding:yes
isCFF:yes
FileLength:203796
FileModTime:1424080702
WeightClass:500
WidthClass:5
AngleClass:0
%EndFont

%BeginFont
Handler:DirectoryHandler
FontType:TrueType
FontName:Roboto-Medium
FamilyName:Roboto
StyleName:Medium
FullName:Roboto Medium
MenuName:Roboto Lt
StyleBits:0
WritingScript:Roman
OutlineFileName:E:\localhost\htdocs\wedding\sites\all\themes\contrib\weddingsubtheme\Font\Roboto\Roboto-Medium.ttf
DataFormat:sfntData
FileLength:160696
FileModTime:1424080702
WeightClass:500
WidthClass:5
AngleClass:0
%EndFont

%BeginFont
Handler:DirectoryHandler
FontType:Invalid
OutlineFileName:E:\localhost\htdocs\wedding\sites\all\themes\contrib\weddingsubtheme\Font\Roboto\Roboto-Medium.woff
FileModTime:1424080702
%EndFont

%BeginFont
Handler:DirectoryHandler
FontType:Invalid
OutlineFileName:E:\localhost\htdocs\wedding\sites\all\themes\contrib\weddingsubtheme\Font\Roboto\Roboto-Regular.eot
FileModTime:1424080702
%EndFont

%BeginFont
Handler:DirectoryHandler
FontType:Type1
FontName:Roboto-Regular
FamilyName:Roboto
StyleName:Regular
FullName:Roboto Regular
MenuName:Roboto
StyleBits:0
WritingScript:Roman
OutlineFileName:E:\localhost\htdocs\wedding\sites\all\themes\contrib\weddingsubtheme\Font\Roboto\Roboto-Regular.otf
DataFormat:sfntData
UsesStandardEncoding:yes
isCFF:yes
FileLength:165940
FileModTime:1424080702
WeightClass:400
WidthClass:5
AngleClass:0
%EndFont

%BeginFont
Handler:DirectoryHandler
FontType:TrueType
FontName:Roboto-Regular
FamilyName:Roboto
StyleName:Regular
FullName:Roboto Regular
MenuName:Roboto
StyleBits:0
WritingScript:Roman
OutlineFileName:E:\localhost\htdocs\wedding\sites\all\themes\contrib\weddingsubtheme\Font\Roboto\Roboto-Regular.ttf
DataFormat:sfntData
FileLength:84564
FileModTime:1424080702
WeightClass:400
WidthClass:5
AngleClass:0
%EndFont

%BeginFont
Handler:DirectoryHandler
FontType:Invalid
OutlineFileName:E:\localhost\htdocs\wedding\sites\all\themes\contrib\weddingsubtheme\Font\Roboto\Roboto-Regular.woff
FileModTime:1424080702
%EndFont

%BeginFont
Handler:DirectoryHandler
FontType:Invalid
OutlineFileName:E:\localhost\htdocs\wedding\sites\all\themes\contrib\weddingsubtheme\Font\Hero\Hero Light_1.eot
FileModTime:1425959636
%EndFont

%BeginFont
Handler:DirectoryHandler
FontType:Type1
FontName:Hero-Light
FamilyName:Hero Light
StyleName:Light
FullName:Hero Light
MenuName:Hero Light
StyleBits:0
WritingScript:Roman
OutlineFileName:E:\localhost\htdocs\wedding\sites\all\themes\contrib\weddingsubtheme\Font\Hero\Hero Light_1.otf
DataFormat:sfntData
UsesStandardEncoding:yes
isCFF:yes
FileLength:22160
FileModTime:1289826022
WeightClass:300
WidthClass:5
AngleClass:0
%EndFont

%BeginFont
Handler:DirectoryHandler
FontType:Type1
FontName:Hero-Light
FamilyName:Hero Light
StyleName:Light
FullName:Hero Light
MenuName:Hero Light
StyleBits:0
WritingScript:Roman
OutlineFileName:E:\localhost\htdocs\wedding\sites\all\themes\contrib\weddingsubtheme\Font\Hero\Hero Light_1.svg
DataFormat:sfntData
UsesStandardEncoding:yes
isCFF:yes
FileLength:22160
FileModTime:1425959636
WeightClass:300
WidthClass:5
AngleClass:0
%EndFont

%BeginFont
Handler:DirectoryHandler
FontType:TrueType
FontName:Hero-Light
FamilyName:Hero Light
StyleName:Light
FullName:Hero-Light
MenuName:Hero Light
StyleBits:0
WritingScript:Roman
OutlineFileName:E:\localhost\htdocs\wedding\sites\all\themes\contrib\weddingsubtheme\Font\Hero\Hero Light_1.ttf
DataFormat:sfntData
FileLength:31896
FileModTime:1425959636
WeightClass:300
WidthClass:5
AngleClass:0
%EndFont

%BeginFont
Handler:DirectoryHandler
FontType:Invalid
OutlineFileName:E:\localhost\htdocs\wedding\sites\all\themes\contrib\weddingsubtheme\Font\Hero\Hero Light_1.woff
FileModTime:1425959636
%EndFont

%BeginFont
Handler:DirectoryHandler
FontType:Invalid
OutlineFileName:E:\localhost\htdocs\wedding\sites\all\themes\contrib\weddingsubtheme\Font\Hero\Hero_0.eot
FileModTime:1425959562
%EndFont

%BeginFont
Handler:DirectoryHandler
FontType:Type1
FontName:Hero
FamilyName:Hero
StyleName:Regular
FullName:Hero
MenuName:Hero
StyleBits:0
WritingScript:Roman
OutlineFileName:E:\localhost\htdocs\wedding\sites\all\themes\contrib\weddingsubtheme\Font\Hero\Hero_0.otf
DataFormat:sfntData
UsesStandardEncoding:yes
isCFF:yes
FileLength:24380
FileModTime:1289826010
WeightClass:400
WidthClass:5
AngleClass:0
%EndFont

%BeginFont
Handler:DirectoryHandler
FontType:Type1
FontName:Hero
FamilyName:Hero
StyleName:Regular
FullName:Hero
MenuName:Hero
StyleBits:0
WritingScript:Roman
OutlineFileName:E:\localhost\htdocs\wedding\sites\all\themes\contrib\weddingsubtheme\Font\Hero\Hero_0.svg
DataFormat:sfntData
UsesStandardEncoding:yes
isCFF:yes
FileLength:24380
FileModTime:1425959562
WeightClass:400
WidthClass:5
AngleClass:0
%EndFont

%BeginFont
Handler:DirectoryHandler
FontType:TrueType
FontName:Hero
FamilyName:Hero
StyleName:Regular
FullName:Hero
MenuName:Hero
StyleBits:0
WritingScript:Roman
OutlineFileName:E:\localhost\htdocs\wedding\sites\all\themes\contrib\weddingsubtheme\Font\Hero\Hero_0.ttf
DataFormat:sfntData
FileLength:33188
FileModTime:1425959562
WeightClass:400
WidthClass:5
AngleClass:0
%EndFont

%BeginFont
Handler:DirectoryHandler
FontType:Invalid
OutlineFileName:E:\localhost\htdocs\wedding\sites\all\themes\contrib\weddingsubtheme\Font\Hero\Hero_0.woff
FileModTime:1425959562
%EndFont

